#
# There is insufficient memory for the Java Runtime Environment to continue.
# Native memory allocation (malloc) failed to allocate 1498576 bytes. Error detail: Chunk::new
# Possible reasons:
#   The system is out of physical RAM or swap space
#   This process is running with CompressedOops enabled, and the Java Heap may be blocking the growth of the native heap
# Possible solutions:
#   Reduce memory load on the system
#   Increase physical memory or swap space
#   Check if swap backing store is full
#   Decrease Java heap size (-Xmx/-Xms)
#   Decrease number of Java threads
#   Decrease Java thread stack sizes (-Xss)
#   Set larger code cache with -XX:ReservedCodeCacheSize=
#   JVM is running with Unscaled Compressed Oops mode in which the Java heap is
#     placed in the first 4GB address space. The Java Heap base address is the
#     maximum limit for the native heap growth. Please use -XX:HeapBaseMinAddress
#     to set the Java Heap base and to place the Java Heap above 4GB virtual address.
# This output file may be truncated or incomplete.
#
#  Out of Memory Error (arena.cpp:191), pid=14444, tid=2464
#
# JRE version: OpenJDK Runtime Environment (17.0.11) (build 17.0.11+0--11852314)
# Java VM: OpenJDK 64-Bit Server VM (17.0.11+0--11852314, mixed mode, tiered, compressed oops, compressed class ptrs, g1 gc, windows-amd64)
# No core dump will be written. Minidumps are not enabled by default on client versions of Windows
#

---------------  S U M M A R Y ------------

Command Line: --add-opens=java.base/java.util=ALL-UNNAMED --add-opens=java.base/java.lang=ALL-UNNAMED --add-opens=java.base/java.lang.invoke=ALL-UNNAMED --add-opens=java.prefs/java.util.prefs=ALL-UNNAMED --add-opens=java.base/java.nio.charset=ALL-UNNAMED --add-opens=java.base/java.net=ALL-UNNAMED --add-opens=java.base/java.util.concurrent.atomic=ALL-UNNAMED -Xmx2048m -Dfile.encoding=UTF-8 -Duser.country=PE -Duser.language=es -Duser.variant -javaagent:C:\Users\Gerardo\.gradle\wrapper\dists\gradle-8.7-bin\bhs2wmbdwecv87pi65oeuq5iu\gradle-8.7\lib\agents\gradle-instrumentation-agent-8.7.jar org.gradle.launcher.daemon.bootstrap.GradleDaemon 8.7

Host: AMD Ryzen 5 7535HS with Radeon Graphics        , 12 cores, 7G,  Windows 11 , 64 bit Build 22621 (10.0.22621.3958)
Time: Wed Sep 25 12:45:37 2024 Hora est. Pacífico, Sudamérica elapsed time: 13.366516 seconds (0d 0h 0m 13s)

---------------  T H R E A D  ---------------

Current thread (0x000002d6401e0010):  JavaThread "C2 CompilerThread1" daemon [_thread_in_native, id=2464, stack(0x000000e3ac200000,0x000000e3ac300000)]


Current CompileTask:
C2:  13366 6488       4       groovy.lang.MetaClassImpl$1MOPIter::methodNameAction (325 bytes)

Stack: [0x000000e3ac200000,0x000000e3ac300000]
Native frames: (J=compiled Java code, j=interpreted, Vv=VM code, C=native code)
V  [jvm.dll+0x687bb9]
V  [jvm.dll+0x84142a]
V  [jvm.dll+0x8430ae]
V  [jvm.dll+0x843713]
V  [jvm.dll+0x24a35f]
V  [jvm.dll+0xac544]
V  [jvm.dll+0xacb8c]
V  [jvm.dll+0x369be2]
V  [jvm.dll+0x33416a]
V  [jvm.dll+0x33360a]
V  [jvm.dll+0x21bed1]
V  [jvm.dll+0x21b311]
V  [jvm.dll+0x1a63ed]
V  [jvm.dll+0x22b1ee]
V  [jvm.dll+0x229375]
V  [jvm.dll+0x7f5647]
V  [jvm.dll+0x7efa4a]
V  [jvm.dll+0x686a35]
C  [ucrtbase.dll+0x29333]
C  [KERNEL32.DLL+0x1257d]
C  [ntdll.dll+0x5af28]


---------------  P R O C E S S  ---------------

Threads class SMR info:
_java_thread_list=0x000002d63cf3e940, length=61, elements={
0x000002d61c9fd9a0, 0x000002d63b026260, 0x000002d636ca51f0, 0x000002d636ccb150,
0x000002d636ccbb20, 0x000002d636ccc5e0, 0x000002d63b03abb0, 0x000002d63b03bf50,
0x000002d63b0405f0, 0x000002d63b041ba0, 0x000002d636c44e80, 0x000002d63b2ac900,
0x000002d63d187930, 0x000002d63d8ab640, 0x000002d63d554830, 0x000002d63cb8d700,
0x000002d63c799370, 0x000002d63cf2f840, 0x000002d63c217da0, 0x000002d63c0c3570,
0x000002d63c0c2130, 0x000002d63c0c3060, 0x000002d63c0c1c20, 0x000002d63c0c2640,
0x000002d63c0c0cf0, 0x000002d63d33aa70, 0x000002d63d33c8d0, 0x000002d63d33b9a0,
0x000002d63d33af80, 0x000002d63d33c3c0, 0x000002d63d33b490, 0x000002d63d33d2f0,
0x000002d63d051b70, 0x000002d6401e0010, 0x000002d63d04f2f0, 0x000002d63d051150,
0x000002d63d04ede0, 0x000002d63d04b120, 0x000002d63d052590, 0x000002d63d04d490,
0x000002d63d04f800, 0x000002d63d052080, 0x000002d63d04fd10, 0x000002d63d04c050,
0x000002d63d050220, 0x000002d63d051660, 0x000002d63d052aa0, 0x000002d63d04d9a0,
0x000002d63d04b630, 0x000002d63d050730, 0x000002d63d050c40, 0x000002d6402447d0,
0x000002d640247050, 0x000002d640247560, 0x000002d640247a70, 0x000002d640246630,
0x000002d6402493c0, 0x000002d640247f80, 0x000002d640246b40, 0x000002d640242e80,
0x000002d640248490
}

Java Threads: ( => current thread )
  0x000002d61c9fd9a0 JavaThread "main" [_thread_blocked, id=10652, stack(0x000000e3a8f00000,0x000000e3a9000000)]
  0x000002d63b026260 JavaThread "Reference Handler" daemon [_thread_blocked, id=31512, stack(0x000000e3a9600000,0x000000e3a9700000)]
  0x000002d636ca51f0 JavaThread "Finalizer" daemon [_thread_blocked, id=25864, stack(0x000000e3a9700000,0x000000e3a9800000)]
  0x000002d636ccb150 JavaThread "Signal Dispatcher" daemon [_thread_blocked, id=23692, stack(0x000000e3a9800000,0x000000e3a9900000)]
  0x000002d636ccbb20 JavaThread "Attach Listener" daemon [_thread_blocked, id=38044, stack(0x000000e3a9900000,0x000000e3a9a00000)]
  0x000002d636ccc5e0 JavaThread "Service Thread" daemon [_thread_blocked, id=8596, stack(0x000000e3a9a00000,0x000000e3a9b00000)]
  0x000002d63b03abb0 JavaThread "Monitor Deflation Thread" daemon [_thread_blocked, id=22212, stack(0x000000e3a9b00000,0x000000e3a9c00000)]
  0x000002d63b03bf50 JavaThread "C2 CompilerThread0" daemon [_thread_in_native, id=19172, stack(0x000000e3a9c00000,0x000000e3a9d00000)]
  0x000002d63b0405f0 JavaThread "C1 CompilerThread0" daemon [_thread_blocked, id=13136, stack(0x000000e3a9d00000,0x000000e3a9e00000)]
  0x000002d63b041ba0 JavaThread "Sweeper thread" daemon [_thread_blocked, id=10084, stack(0x000000e3a9e00000,0x000000e3a9f00000)]
  0x000002d636c44e80 JavaThread "Common-Cleaner" daemon [_thread_blocked, id=27472, stack(0x000000e3a9f00000,0x000000e3aa000000)]
  0x000002d63b2ac900 JavaThread "Notification Thread" daemon [_thread_blocked, id=32720, stack(0x000000e3aa000000,0x000000e3aa100000)]
  0x000002d63d187930 JavaThread "Daemon health stats" [_thread_blocked, id=26900, stack(0x000000e3aa700000,0x000000e3aa800000)]
  0x000002d63d8ab640 JavaThread "Incoming local TCP Connector on port 62592" [_thread_in_native, id=15272, stack(0x000000e3aa600000,0x000000e3aa700000)]
  0x000002d63d554830 JavaThread "Daemon periodic checks" [_thread_blocked, id=26556, stack(0x000000e3aa800000,0x000000e3aa900000)]
  0x000002d63cb8d700 JavaThread "Daemon" [_thread_blocked, id=39036, stack(0x000000e3aa900000,0x000000e3aaa00000)]
  0x000002d63c799370 JavaThread "Handler for socket connection from /127.0.0.1:62592 to /127.0.0.1:62593" [_thread_in_native, id=2808, stack(0x000000e3aaa00000,0x000000e3aab00000)]
  0x000002d63cf2f840 JavaThread "Cancel handler" [_thread_blocked, id=22000, stack(0x000000e3aab00000,0x000000e3aac00000)]
  0x000002d63c217da0 JavaThread "Daemon worker" [_thread_in_native, id=11884, stack(0x000000e3aac00000,0x000000e3aad00000)]
  0x000002d63c0c3570 JavaThread "Asynchronous log dispatcher for DefaultDaemonConnection: socket connection from /127.0.0.1:62592 to /127.0.0.1:62593" [_thread_blocked, id=18008, stack(0x000000e3aad00000,0x000000e3aae00000)]
  0x000002d63c0c2130 JavaThread "Stdin handler" [_thread_blocked, id=11604, stack(0x000000e3aae00000,0x000000e3aaf00000)]
  0x000002d63c0c3060 JavaThread "Daemon client event forwarder" [_thread_blocked, id=8648, stack(0x000000e3aaf00000,0x000000e3ab000000)]
  0x000002d63c0c1c20 JavaThread "Cache worker for journal cache (C:\Users\Gerardo\.gradle\caches\journal-1)" [_thread_blocked, id=30260, stack(0x000000e3ab700000,0x000000e3ab800000)]
  0x000002d63c0c2640 JavaThread "File lock request listener" [_thread_in_native, id=25988, stack(0x000000e3ab800000,0x000000e3ab900000)]
  0x000002d63c0c0cf0 JavaThread "Cache worker for file hash cache (C:\Users\Gerardo\.gradle\caches\8.7\fileHashes)" [_thread_blocked, id=11524, stack(0x000000e3aba00000,0x000000e3abb00000)]
  0x000002d63d33aa70 JavaThread "Cache worker for file hash cache (C:\Users\Gerardo\OneDrive\Documentos\Iot-Proyecto\proyectoIot\.gradle\8.7\fileHashes)" [_thread_blocked, id=30860, stack(0x000000e3abb00000,0x000000e3abc00000)]
  0x000002d63d33c8d0 JavaThread "File watcher server" daemon [_thread_in_native, id=32560, stack(0x000000e3abc00000,0x000000e3abd00000)]
  0x000002d63d33b9a0 JavaThread "File watcher consumer" daemon [_thread_blocked, id=25304, stack(0x000000e3abd00000,0x000000e3abe00000)]
  0x000002d63d33af80 JavaThread "Cache worker for checksums cache (C:\Users\Gerardo\OneDrive\Documentos\Iot-Proyecto\proyectoIot\.gradle\8.7\checksums)" [_thread_blocked, id=25184, stack(0x000000e3abe00000,0x000000e3abf00000)]
  0x000002d63d33c3c0 JavaThread "Cache worker for cache directory md-supplier (C:\Users\Gerardo\.gradle\caches\8.7\md-supplier)" [_thread_blocked, id=28692, stack(0x000000e3ab900000,0x000000e3aba00000)]
  0x000002d63d33b490 JavaThread "Cache worker for cache directory md-rule (C:\Users\Gerardo\.gradle\caches\8.7\md-rule)" [_thread_blocked, id=23152, stack(0x000000e3abf00000,0x000000e3ac000000)]
  0x000002d63d33d2f0 JavaThread "Cache worker for file content cache (C:\Users\Gerardo\.gradle\caches\8.7\fileContent)" [_thread_blocked, id=18068, stack(0x000000e3ac000000,0x000000e3ac100000)]
  0x000002d63d051b70 JavaThread "jar transforms" [_thread_blocked, id=22836, stack(0x000000e3ac100000,0x000000e3ac200000)]
=>0x000002d6401e0010 JavaThread "C2 CompilerThread1" daemon [_thread_in_native, id=2464, stack(0x000000e3ac200000,0x000000e3ac300000)]
  0x000002d63d04f2f0 JavaThread "jar transforms Thread 2" [_thread_blocked, id=29044, stack(0x000000e3ac300000,0x000000e3ac400000)]
  0x000002d63d051150 JavaThread "Cache worker for Build Output Cleanup Cache (C:\Users\Gerardo\OneDrive\Documentos\Iot-Proyecto\proyectoIot\.gradle\buildOutputCleanup)" [_thread_blocked, id=29836, stack(0x000000e3ac400000,0x000000e3ac500000)]
  0x000002d63d04ede0 JavaThread "jar transforms Thread 3" [_thread_blocked, id=35860, stack(0x000000e3ac500000,0x000000e3ac600000)]
  0x000002d63d04b120 JavaThread "Unconstrained build operations" [_thread_blocked, id=27988, stack(0x000000e3ac600000,0x000000e3ac700000)]
  0x000002d63d052590 JavaThread "Unconstrained build operations Thread 2" [_thread_blocked, id=8576, stack(0x000000e3ac700000,0x000000e3ac800000)]
  0x000002d63d04d490 JavaThread "Unconstrained build operations Thread 3" [_thread_blocked, id=28304, stack(0x000000e3ac800000,0x000000e3ac900000)]
  0x000002d63d04f800 JavaThread "Unconstrained build operations Thread 4" [_thread_blocked, id=576, stack(0x000000e3ac900000,0x000000e3aca00000)]
  0x000002d63d052080 JavaThread "Unconstrained build operations Thread 5" [_thread_blocked, id=24260, stack(0x000000e3aca00000,0x000000e3acb00000)]
  0x000002d63d04fd10 JavaThread "Unconstrained build operations Thread 6" [_thread_blocked, id=40408, stack(0x000000e3acb00000,0x000000e3acc00000)]
  0x000002d63d04c050 JavaThread "Unconstrained build operations Thread 7" [_thread_blocked, id=6900, stack(0x000000e3acc00000,0x000000e3acd00000)]
  0x000002d63d050220 JavaThread "Unconstrained build operations Thread 8" [_thread_blocked, id=37844, stack(0x000000e3acd00000,0x000000e3ace00000)]
  0x000002d63d051660 JavaThread "Unconstrained build operations Thread 9" [_thread_blocked, id=5756, stack(0x000000e3ace00000,0x000000e3acf00000)]
  0x000002d63d052aa0 JavaThread "Unconstrained build operations Thread 10" [_thread_blocked, id=12932, stack(0x000000e3acf00000,0x000000e3ad000000)]
  0x000002d63d04d9a0 JavaThread "Unconstrained build operations Thread 11" [_thread_blocked, id=40180, stack(0x000000e3ad000000,0x000000e3ad100000)]
  0x000002d63d04b630 JavaThread "Unconstrained build operations Thread 12" [_thread_blocked, id=27428, stack(0x000000e3ad100000,0x000000e3ad200000)]
  0x000002d63d050730 JavaThread "Unconstrained build operations Thread 13" [_thread_blocked, id=34228, stack(0x000000e3ad200000,0x000000e3ad300000)]
  0x000002d63d050c40 JavaThread "Unconstrained build operations Thread 14" [_thread_blocked, id=8720, stack(0x000000e3ad300000,0x000000e3ad400000)]
  0x000002d6402447d0 JavaThread "Unconstrained build operations Thread 15" [_thread_blocked, id=13048, stack(0x000000e3ad400000,0x000000e3ad500000)]
  0x000002d640247050 JavaThread "Unconstrained build operations Thread 16" [_thread_blocked, id=6264, stack(0x000000e3ad500000,0x000000e3ad600000)]
  0x000002d640247560 JavaThread "Unconstrained build operations Thread 17" [_thread_blocked, id=14344, stack(0x000000e3ad600000,0x000000e3ad700000)]
  0x000002d640247a70 JavaThread "Unconstrained build operations Thread 18" [_thread_blocked, id=9032, stack(0x000000e3ad700000,0x000000e3ad800000)]
  0x000002d640246630 JavaThread "Unconstrained build operations Thread 19" [_thread_blocked, id=10148, stack(0x000000e3ad800000,0x000000e3ad900000)]
  0x000002d6402493c0 JavaThread "Unconstrained build operations Thread 20" [_thread_blocked, id=28852, stack(0x000000e3ad900000,0x000000e3ada00000)]
  0x000002d640247f80 JavaThread "Unconstrained build operations Thread 21" [_thread_blocked, id=24352, stack(0x000000e3ada00000,0x000000e3adb00000)]
  0x000002d640246b40 JavaThread "Unconstrained build operations Thread 22" [_thread_blocked, id=4824, stack(0x000000e3adb00000,0x000000e3adc00000)]
  0x000002d640242e80 JavaThread "jar transforms Thread 4" [_thread_blocked, id=4612, stack(0x000000e3adc00000,0x000000e3add00000)]
  0x000002d640248490 JavaThread "jar transforms Thread 5" [_thread_blocked, id=29532, stack(0x000000e3add00000,0x000000e3ade00000)]

Other Threads:
  0x000002d63b0133f0 VMThread "VM Thread" [stack: 0x000000e3a9500000,0x000000e3a9600000] [id=24184]
  0x000002d63b314830 WatcherThread [stack: 0x000000e3aa100000,0x000000e3aa200000] [id=38264]
  0x000002d61ca59130 GCTaskThread "GC Thread#0" [stack: 0x000000e3a9000000,0x000000e3a9100000] [id=9592]
  0x000002d63c1a5e30 GCTaskThread "GC Thread#1" [stack: 0x000000e3aa300000,0x000000e3aa400000] [id=13692]
  0x000002d63b381d20 GCTaskThread "GC Thread#2" [stack: 0x000000e3aa400000,0x000000e3aa500000] [id=35184]
  0x000002d63b3fe030 GCTaskThread "GC Thread#3" [stack: 0x000000e3aa500000,0x000000e3aa600000] [id=20312]
  0x000002d63b872d00 GCTaskThread "GC Thread#4" [stack: 0x000000e3aa200000,0x000000e3aa300000] [id=19760]
  0x000002d63d711050 GCTaskThread "GC Thread#5" [stack: 0x000000e3ab000000,0x000000e3ab100000] [id=19924]
  0x000002d63d710810 GCTaskThread "GC Thread#6" [stack: 0x000000e3ab100000,0x000000e3ab200000] [id=24544]
  0x000002d63d710d90 GCTaskThread "GC Thread#7" [stack: 0x000000e3ab200000,0x000000e3ab300000] [id=24304]
  0x000002d63d70f4d0 GCTaskThread "GC Thread#8" [stack: 0x000000e3ab300000,0x000000e3ab400000] [id=35200]
  0x000002d63d710ad0 GCTaskThread "GC Thread#9" [stack: 0x000000e3ab400000,0x000000e3ab500000] [id=17836]
  0x000002d61ca6a080 ConcurrentGCThread "G1 Main Marker" [stack: 0x000000e3a9100000,0x000000e3a9200000] [id=36356]
  0x000002d61ca6aaa0 ConcurrentGCThread "G1 Conc#0" [stack: 0x000000e3a9200000,0x000000e3a9300000] [id=27032]
  0x000002d63d70f790 ConcurrentGCThread "G1 Conc#1" [stack: 0x000000e3ab500000,0x000000e3ab600000] [id=14132]
  0x000002d63d70fa50 ConcurrentGCThread "G1 Conc#2" [stack: 0x000000e3ab600000,0x000000e3ab700000] [id=17524]
  0x000002d61caada80 ConcurrentGCThread "G1 Refine#0" [stack: 0x000000e3a9300000,0x000000e3a9400000] [id=14500]
  0x000002d61caae4b0 ConcurrentGCThread "G1 Service" [stack: 0x000000e3a9400000,0x000000e3a9500000] [id=12296]

Threads with active compile tasks:
C2 CompilerThread0    13400 6525 %     4       java.util.zip.ZipFile$Source::initCEN @ 240 (591 bytes)
C2 CompilerThread1    13400 6488       4       groovy.lang.MetaClassImpl$1MOPIter::methodNameAction (325 bytes)

VM state: not at safepoint (normal execution)

VM Mutex/Monitor currently owned by a thread: None

Heap address: 0x0000000080000000, size: 2048 MB, Compressed Oops mode: 32-bit

CDS archive(s) not mapped
Compressed class space mapped at: 0x0000000100000000-0x0000000140000000, reserved size: 1073741824
Narrow klass base: 0x0000000000000000, Narrow klass shift: 3, Narrow klass range: 0x140000000

GC Precious Log:
 CPUs: 12 total, 12 available
 Memory: 7498M
 Large Page Support: Disabled
 NUMA Support: Disabled
 Compressed Oops: Enabled (32-bit)
 Heap Region Size: 1M
 Heap Min Capacity: 8M
 Heap Initial Capacity: 118M
 Heap Max Capacity: 2G
 Pre-touch: Disabled
 Parallel Workers: 10
 Concurrent Workers: 3
 Concurrent Refinement Workers: 10
 Periodic GC: Disabled

Heap:
 garbage-first heap   total 137216K, used 72076K [0x0000000080000000, 0x0000000100000000)
  region size 1024K, 32 young (32768K), 6 survivors (6144K)
 Metaspace       used 57812K, committed 58304K, reserved 1114112K
  class space    used 7824K, committed 8064K, reserved 1048576K

Heap Regions: E=young(eden), S=young(survivor), O=old, HS=humongous(starts), HC=humongous(continues), CS=collection set, F=free, OA=open archive, CA=closed archive, TAMS=top-at-mark-start (previous, next)
|   0|0x0000000080000000, 0x0000000080100000, 0x0000000080100000|100%|HS|  |TAMS 0x0000000080100000, 0x0000000080000000| Complete 
|   1|0x0000000080100000, 0x0000000080200000, 0x0000000080200000|100%|HC|  |TAMS 0x0000000080200000, 0x0000000080100000| Complete 
|   2|0x0000000080200000, 0x0000000080300000, 0x0000000080300000|100%|HC|  |TAMS 0x0000000080300000, 0x0000000080200000| Complete 
|   3|0x0000000080300000, 0x0000000080400000, 0x0000000080400000|100%|HC|  |TAMS 0x0000000080400000, 0x0000000080300000| Complete 
|   4|0x0000000080400000, 0x0000000080500000, 0x0000000080500000|100%| O|  |TAMS 0x0000000080500000, 0x0000000080400000| Untracked 
|   5|0x0000000080500000, 0x0000000080600000, 0x0000000080600000|100%| O|  |TAMS 0x0000000080600000, 0x0000000080500000| Untracked 
|   6|0x0000000080600000, 0x0000000080700000, 0x0000000080700000|100%| O|  |TAMS 0x0000000080700000, 0x0000000080600000| Untracked 
|   7|0x0000000080700000, 0x0000000080800000, 0x0000000080800000|100%| O|  |TAMS 0x0000000080800000, 0x0000000080700000| Untracked 
|   8|0x0000000080800000, 0x0000000080900000, 0x0000000080900000|100%| O|  |TAMS 0x0000000080900000, 0x0000000080800000| Untracked 
|   9|0x0000000080900000, 0x0000000080a00000, 0x0000000080a00000|100%| O|  |TAMS 0x0000000080a00000, 0x0000000080900000| Untracked 
|  10|0x0000000080a00000, 0x0000000080b00000, 0x0000000080b00000|100%| O|  |TAMS 0x0000000080a00000, 0x0000000080a00000| Untracked 
|  11|0x0000000080b00000, 0x0000000080c00000, 0x0000000080c00000|100%| O|  |TAMS 0x0000000080c00000, 0x0000000080b00000| Untracked 
|  12|0x0000000080c00000, 0x0000000080d00000, 0x0000000080d00000|100%| O|  |TAMS 0x0000000080d00000, 0x0000000080c00000| Untracked 
|  13|0x0000000080d00000, 0x0000000080e00000, 0x0000000080e00000|100%| O|  |TAMS 0x0000000080e00000, 0x0000000080d00000| Untracked 
|  14|0x0000000080e00000, 0x0000000080f00000, 0x0000000080f00000|100%| O|  |TAMS 0x0000000080f00000, 0x0000000080e00000| Untracked 
|  15|0x0000000080f00000, 0x0000000081000000, 0x0000000081000000|100%| O|  |TAMS 0x0000000081000000, 0x0000000080f00000| Untracked 
|  16|0x0000000081000000, 0x0000000081100000, 0x0000000081100000|100%| O|  |TAMS 0x0000000081100000, 0x0000000081000000| Untracked 
|  17|0x0000000081100000, 0x0000000081200000, 0x0000000081200000|100%| O|  |TAMS 0x0000000081200000, 0x0000000081100000| Untracked 
|  18|0x0000000081200000, 0x0000000081300000, 0x0000000081300000|100%| O|  |TAMS 0x0000000081300000, 0x0000000081200000| Untracked 
|  19|0x0000000081300000, 0x0000000081400000, 0x0000000081400000|100%| O|  |TAMS 0x0000000081400000, 0x0000000081300000| Untracked 
|  20|0x0000000081400000, 0x0000000081500000, 0x0000000081500000|100%|HS|  |TAMS 0x0000000081400000, 0x0000000081400000| Complete 
|  21|0x0000000081500000, 0x0000000081600000, 0x0000000081600000|100%| O|  |TAMS 0x0000000081522c00, 0x0000000081500000| Untracked 
|  22|0x0000000081600000, 0x0000000081700000, 0x0000000081700000|100%| O|  |TAMS 0x0000000081600000, 0x0000000081600000| Untracked 
|  23|0x0000000081700000, 0x0000000081800000, 0x0000000081800000|100%| O|  |TAMS 0x0000000081700000, 0x0000000081700000| Untracked 
|  24|0x0000000081800000, 0x0000000081900000, 0x0000000081900000|100%| O|  |TAMS 0x0000000081800000, 0x0000000081800000| Untracked 
|  25|0x0000000081900000, 0x0000000081a00000, 0x0000000081a00000|100%| O|  |TAMS 0x0000000081900000, 0x0000000081900000| Untracked 
|  26|0x0000000081a00000, 0x0000000081b00000, 0x0000000081b00000|100%| O|  |TAMS 0x0000000081a00000, 0x0000000081a00000| Untracked 
|  27|0x0000000081b00000, 0x0000000081c00000, 0x0000000081c00000|100%| O|  |TAMS 0x0000000081b00000, 0x0000000081b00000| Untracked 
|  28|0x0000000081c00000, 0x0000000081d00000, 0x0000000081d00000|100%| O|  |TAMS 0x0000000081c00000, 0x0000000081c00000| Untracked 
|  29|0x0000000081d00000, 0x0000000081e00000, 0x0000000081e00000|100%|HS|  |TAMS 0x0000000081d00000, 0x0000000081d00000| Complete 
|  30|0x0000000081e00000, 0x0000000081f00000, 0x0000000081f00000|100%| O|  |TAMS 0x0000000081e00000, 0x0000000081e00000| Untracked 
|  31|0x0000000081f00000, 0x0000000082000000, 0x0000000082000000|100%| O|  |TAMS 0x0000000081f00000, 0x0000000081f00000| Untracked 
|  32|0x0000000082000000, 0x0000000082100000, 0x0000000082100000|100%| O|  |TAMS 0x0000000082000000, 0x0000000082000000| Untracked 
|  33|0x0000000082100000, 0x0000000082200000, 0x0000000082200000|100%| O|  |TAMS 0x0000000082100000, 0x0000000082100000| Untracked 
|  34|0x0000000082200000, 0x0000000082300000, 0x0000000082300000|100%| O|  |TAMS 0x0000000082200000, 0x0000000082200000| Untracked 
|  35|0x0000000082300000, 0x0000000082400000, 0x0000000082400000|100%| O|  |TAMS 0x0000000082300000, 0x0000000082300000| Untracked 
|  36|0x0000000082400000, 0x00000000824e7600, 0x0000000082500000| 90%| O|  |TAMS 0x0000000082400000, 0x0000000082400000| Untracked 
|  37|0x0000000082500000, 0x0000000082600000, 0x0000000082600000|100%|HS|  |TAMS 0x0000000082500000, 0x0000000082500000| Complete 
|  38|0x0000000082600000, 0x0000000082700000, 0x0000000082700000|100%|HS|  |TAMS 0x0000000082600000, 0x0000000082600000| Complete 
|  39|0x0000000082700000, 0x0000000082800000, 0x0000000082800000|100%|HS|  |TAMS 0x0000000082700000, 0x0000000082700000| Complete 
|  40|0x0000000082800000, 0x0000000082800000, 0x0000000082900000|  0%| F|  |TAMS 0x0000000082800000, 0x0000000082800000| Untracked 
|  41|0x0000000082900000, 0x0000000082900000, 0x0000000082a00000|  0%| F|  |TAMS 0x0000000082900000, 0x0000000082900000| Untracked 
|  42|0x0000000082a00000, 0x0000000082a00000, 0x0000000082b00000|  0%| F|  |TAMS 0x0000000082a00000, 0x0000000082a00000| Untracked 
|  43|0x0000000082b00000, 0x0000000082b00000, 0x0000000082c00000|  0%| F|  |TAMS 0x0000000082b00000, 0x0000000082b00000| Untracked 
|  44|0x0000000082c00000, 0x0000000082c00000, 0x0000000082d00000|  0%| F|  |TAMS 0x0000000082c00000, 0x0000000082c00000| Untracked 
|  45|0x0000000082d00000, 0x0000000082d00000, 0x0000000082e00000|  0%| F|  |TAMS 0x0000000082d00000, 0x0000000082d00000| Untracked 
|  46|0x0000000082e00000, 0x0000000082e00000, 0x0000000082f00000|  0%| F|  |TAMS 0x0000000082e00000, 0x0000000082e00000| Untracked 
|  47|0x0000000082f00000, 0x0000000082f00000, 0x0000000083000000|  0%| F|  |TAMS 0x0000000082f00000, 0x0000000082f00000| Untracked 
|  48|0x0000000083000000, 0x0000000083000000, 0x0000000083100000|  0%| F|  |TAMS 0x0000000083000000, 0x0000000083000000| Untracked 
|  49|0x0000000083100000, 0x0000000083100000, 0x0000000083200000|  0%| F|  |TAMS 0x0000000083100000, 0x0000000083100000| Untracked 
|  50|0x0000000083200000, 0x0000000083200000, 0x0000000083300000|  0%| F|  |TAMS 0x0000000083200000, 0x0000000083200000| Untracked 
|  51|0x0000000083300000, 0x0000000083300000, 0x0000000083400000|  0%| F|  |TAMS 0x0000000083300000, 0x0000000083300000| Untracked 
|  52|0x0000000083400000, 0x0000000083400000, 0x0000000083500000|  0%| F|  |TAMS 0x0000000083400000, 0x0000000083400000| Untracked 
|  53|0x0000000083500000, 0x0000000083500000, 0x0000000083600000|  0%| F|  |TAMS 0x0000000083500000, 0x0000000083500000| Untracked 
|  54|0x0000000083600000, 0x0000000083600000, 0x0000000083700000|  0%| F|  |TAMS 0x0000000083600000, 0x0000000083600000| Untracked 
|  55|0x0000000083700000, 0x0000000083700000, 0x0000000083800000|  0%| F|  |TAMS 0x0000000083700000, 0x0000000083700000| Untracked 
|  56|0x0000000083800000, 0x0000000083800000, 0x0000000083900000|  0%| F|  |TAMS 0x0000000083800000, 0x0000000083800000| Untracked 
|  57|0x0000000083900000, 0x0000000083900000, 0x0000000083a00000|  0%| F|  |TAMS 0x0000000083900000, 0x0000000083900000| Untracked 
|  58|0x0000000083a00000, 0x0000000083a00000, 0x0000000083b00000|  0%| F|  |TAMS 0x0000000083a00000, 0x0000000083a00000| Untracked 
|  59|0x0000000083b00000, 0x0000000083b00000, 0x0000000083c00000|  0%| F|  |TAMS 0x0000000083b00000, 0x0000000083b00000| Untracked 
|  60|0x0000000083c00000, 0x0000000083c00000, 0x0000000083d00000|  0%| F|  |TAMS 0x0000000083c00000, 0x0000000083c00000| Untracked 
|  61|0x0000000083d00000, 0x0000000083d00000, 0x0000000083e00000|  0%| F|  |TAMS 0x0000000083d00000, 0x0000000083d00000| Untracked 
|  62|0x0000000083e00000, 0x0000000083e00000, 0x0000000083f00000|  0%| F|  |TAMS 0x0000000083e00000, 0x0000000083e00000| Untracked 
|  63|0x0000000083f00000, 0x0000000083f00000, 0x0000000084000000|  0%| F|  |TAMS 0x0000000083f00000, 0x0000000083f00000| Untracked 
|  64|0x0000000084000000, 0x000000008407bca0, 0x0000000084100000| 48%| S|CS|TAMS 0x0000000084000000, 0x0000000084000000| Complete 
|  65|0x0000000084100000, 0x0000000084200000, 0x0000000084200000|100%| S|CS|TAMS 0x0000000084100000, 0x0000000084100000| Complete 
|  66|0x0000000084200000, 0x0000000084300000, 0x0000000084300000|100%| S|CS|TAMS 0x0000000084200000, 0x0000000084200000| Complete 
|  67|0x0000000084300000, 0x0000000084400000, 0x0000000084400000|100%| S|CS|TAMS 0x0000000084300000, 0x0000000084300000| Complete 
|  68|0x0000000084400000, 0x0000000084500000, 0x0000000084500000|100%| S|CS|TAMS 0x0000000084400000, 0x0000000084400000| Complete 
|  69|0x0000000084500000, 0x0000000084600000, 0x0000000084600000|100%| S|CS|TAMS 0x0000000084500000, 0x0000000084500000| Complete 
|  70|0x0000000084600000, 0x0000000084600000, 0x0000000084700000|  0%| F|  |TAMS 0x0000000084600000, 0x0000000084600000| Untracked 
|  71|0x0000000084700000, 0x0000000084700000, 0x0000000084800000|  0%| F|  |TAMS 0x0000000084700000, 0x0000000084700000| Untracked 
|  72|0x0000000084800000, 0x0000000084800000, 0x0000000084900000|  0%| F|  |TAMS 0x0000000084800000, 0x0000000084800000| Untracked 
|  73|0x0000000084900000, 0x0000000084900000, 0x0000000084a00000|  0%| F|  |TAMS 0x0000000084900000, 0x0000000084900000| Untracked 
|  74|0x0000000084a00000, 0x0000000084a00000, 0x0000000084b00000|  0%| F|  |TAMS 0x0000000084a00000, 0x0000000084a00000| Untracked 
|  75|0x0000000084b00000, 0x0000000084b00000, 0x0000000084c00000|  0%| F|  |TAMS 0x0000000084b00000, 0x0000000084b00000| Untracked 
|  76|0x0000000084c00000, 0x0000000084c00000, 0x0000000084d00000|  0%| F|  |TAMS 0x0000000084c00000, 0x0000000084c00000| Untracked 
|  77|0x0000000084d00000, 0x0000000084d00000, 0x0000000084e00000|  0%| F|  |TAMS 0x0000000084d00000, 0x0000000084d00000| Untracked 
|  78|0x0000000084e00000, 0x0000000084e00000, 0x0000000084f00000|  0%| F|  |TAMS 0x0000000084e00000, 0x0000000084e00000| Untracked 
|  79|0x0000000084f00000, 0x0000000084f00000, 0x0000000085000000|  0%| F|  |TAMS 0x0000000084f00000, 0x0000000084f00000| Untracked 
|  80|0x0000000085000000, 0x0000000085000000, 0x0000000085100000|  0%| F|  |TAMS 0x0000000085000000, 0x0000000085000000| Untracked 
|  81|0x0000000085100000, 0x0000000085100000, 0x0000000085200000|  0%| F|  |TAMS 0x0000000085100000, 0x0000000085100000| Untracked 
|  82|0x0000000085200000, 0x0000000085200000, 0x0000000085300000|  0%| F|  |TAMS 0x0000000085200000, 0x0000000085200000| Untracked 
|  83|0x0000000085300000, 0x0000000085300000, 0x0000000085400000|  0%| F|  |TAMS 0x0000000085300000, 0x0000000085300000| Untracked 
|  84|0x0000000085400000, 0x0000000085400000, 0x0000000085500000|  0%| F|  |TAMS 0x0000000085400000, 0x0000000085400000| Untracked 
|  85|0x0000000085500000, 0x0000000085500000, 0x0000000085600000|  0%| F|  |TAMS 0x0000000085500000, 0x0000000085500000| Untracked 
|  86|0x0000000085600000, 0x0000000085600000, 0x0000000085700000|  0%| F|  |TAMS 0x0000000085600000, 0x0000000085600000| Untracked 
|  87|0x0000000085700000, 0x0000000085700000, 0x0000000085800000|  0%| F|  |TAMS 0x0000000085700000, 0x0000000085700000| Untracked 
|  88|0x0000000085800000, 0x0000000085800000, 0x0000000085900000|  0%| F|  |TAMS 0x0000000085800000, 0x0000000085800000| Untracked 
|  89|0x0000000085900000, 0x0000000085900000, 0x0000000085a00000|  0%| F|  |TAMS 0x0000000085900000, 0x0000000085900000| Untracked 
|  90|0x0000000085a00000, 0x0000000085a00000, 0x0000000085b00000|  0%| F|  |TAMS 0x0000000085a00000, 0x0000000085a00000| Untracked 
|  91|0x0000000085b00000, 0x0000000085b00000, 0x0000000085c00000|  0%| F|  |TAMS 0x0000000085b00000, 0x0000000085b00000| Untracked 
|  92|0x0000000085c00000, 0x0000000085c00000, 0x0000000085d00000|  0%| F|  |TAMS 0x0000000085c00000, 0x0000000085c00000| Untracked 
|  93|0x0000000085d00000, 0x0000000085d00000, 0x0000000085e00000|  0%| F|  |TAMS 0x0000000085d00000, 0x0000000085d00000| Untracked 
|  94|0x0000000085e00000, 0x0000000085e00000, 0x0000000085f00000|  0%| F|  |TAMS 0x0000000085e00000, 0x0000000085e00000| Untracked 
|  95|0x0000000085f00000, 0x0000000085f00000, 0x0000000086000000|  0%| F|  |TAMS 0x0000000085f00000, 0x0000000085f00000| Untracked 
|  96|0x0000000086000000, 0x0000000086000000, 0x0000000086100000|  0%| F|  |TAMS 0x0000000086000000, 0x0000000086000000| Untracked 
|  97|0x0000000086100000, 0x0000000086100000, 0x0000000086200000|  0%| F|  |TAMS 0x0000000086100000, 0x0000000086100000| Untracked 
|  98|0x0000000086200000, 0x0000000086200000, 0x0000000086300000|  0%| F|  |TAMS 0x0000000086200000, 0x0000000086200000| Untracked 
|  99|0x0000000086300000, 0x0000000086300000, 0x0000000086400000|  0%| F|  |TAMS 0x0000000086300000, 0x0000000086300000| Untracked 
| 100|0x0000000086400000, 0x0000000086400000, 0x0000000086500000|  0%| F|  |TAMS 0x0000000086400000, 0x0000000086400000| Untracked 
| 101|0x0000000086500000, 0x0000000086500000, 0x0000000086600000|  0%| F|  |TAMS 0x0000000086500000, 0x0000000086500000| Untracked 
| 102|0x0000000086600000, 0x0000000086600000, 0x0000000086700000|  0%| F|  |TAMS 0x0000000086600000, 0x0000000086600000| Untracked 
| 103|0x0000000086700000, 0x0000000086700000, 0x0000000086800000|  0%| F|  |TAMS 0x0000000086700000, 0x0000000086700000| Untracked 
| 104|0x0000000086800000, 0x0000000086800000, 0x0000000086900000|  0%| F|  |TAMS 0x0000000086800000, 0x0000000086800000| Untracked 
| 105|0x0000000086900000, 0x0000000086900000, 0x0000000086a00000|  0%| F|  |TAMS 0x0000000086900000, 0x0000000086900000| Untracked 
| 106|0x0000000086a00000, 0x0000000086a00000, 0x0000000086b00000|  0%| F|  |TAMS 0x0000000086a00000, 0x0000000086a00000| Untracked 
| 107|0x0000000086b00000, 0x0000000086b00000, 0x0000000086c00000|  0%| F|  |TAMS 0x0000000086b00000, 0x0000000086b00000| Untracked 
| 108|0x0000000086c00000, 0x0000000086d00000, 0x0000000086d00000|100%| E|  |TAMS 0x0000000086c00000, 0x0000000086c00000| Complete 
| 109|0x0000000086d00000, 0x0000000086e00000, 0x0000000086e00000|100%| E|CS|TAMS 0x0000000086d00000, 0x0000000086d00000| Complete 
| 110|0x0000000086e00000, 0x0000000086f00000, 0x0000000086f00000|100%| E|CS|TAMS 0x0000000086e00000, 0x0000000086e00000| Complete 
| 111|0x0000000086f00000, 0x0000000087000000, 0x0000000087000000|100%| E|CS|TAMS 0x0000000086f00000, 0x0000000086f00000| Complete 
| 112|0x0000000087000000, 0x0000000087100000, 0x0000000087100000|100%| E|CS|TAMS 0x0000000087000000, 0x0000000087000000| Complete 
| 113|0x0000000087100000, 0x0000000087200000, 0x0000000087200000|100%| E|CS|TAMS 0x0000000087100000, 0x0000000087100000| Complete 
| 114|0x0000000087200000, 0x0000000087300000, 0x0000000087300000|100%| E|CS|TAMS 0x0000000087200000, 0x0000000087200000| Complete 
| 115|0x0000000087300000, 0x0000000087400000, 0x0000000087400000|100%| E|CS|TAMS 0x0000000087300000, 0x0000000087300000| Complete 
| 116|0x0000000087400000, 0x0000000087500000, 0x0000000087500000|100%| E|CS|TAMS 0x0000000087400000, 0x0000000087400000| Complete 
| 117|0x0000000087500000, 0x0000000087600000, 0x0000000087600000|100%| E|CS|TAMS 0x0000000087500000, 0x0000000087500000| Complete 
| 118|0x0000000087600000, 0x0000000087700000, 0x0000000087700000|100%| E|CS|TAMS 0x0000000087600000, 0x0000000087600000| Complete 
| 119|0x0000000087700000, 0x0000000087800000, 0x0000000087800000|100%| E|CS|TAMS 0x0000000087700000, 0x0000000087700000| Complete 
| 120|0x0000000087800000, 0x0000000087900000, 0x0000000087900000|100%| E|CS|TAMS 0x0000000087800000, 0x0000000087800000| Complete 
| 121|0x0000000087900000, 0x0000000087a00000, 0x0000000087a00000|100%| E|CS|TAMS 0x0000000087900000, 0x0000000087900000| Complete 
| 122|0x0000000087a00000, 0x0000000087b00000, 0x0000000087b00000|100%| E|CS|TAMS 0x0000000087a00000, 0x0000000087a00000| Complete 
| 123|0x0000000087b00000, 0x0000000087c00000, 0x0000000087c00000|100%| E|CS|TAMS 0x0000000087b00000, 0x0000000087b00000| Complete 
| 124|0x0000000087c00000, 0x0000000087d00000, 0x0000000087d00000|100%| E|CS|TAMS 0x0000000087c00000, 0x0000000087c00000| Complete 
| 125|0x0000000087d00000, 0x0000000087e00000, 0x0000000087e00000|100%| E|CS|TAMS 0x0000000087d00000, 0x0000000087d00000| Complete 
| 126|0x0000000087e00000, 0x0000000087f00000, 0x0000000087f00000|100%| E|CS|TAMS 0x0000000087e00000, 0x0000000087e00000| Complete 
| 127|0x0000000087f00000, 0x0000000088000000, 0x0000000088000000|100%| E|CS|TAMS 0x0000000087f00000, 0x0000000087f00000| Complete 
| 128|0x0000000088000000, 0x0000000088100000, 0x0000000088100000|100%| E|CS|TAMS 0x0000000088000000, 0x0000000088000000| Complete 
| 129|0x0000000088100000, 0x0000000088200000, 0x0000000088200000|100%| E|CS|TAMS 0x0000000088100000, 0x0000000088100000| Complete 
| 130|0x0000000088200000, 0x0000000088300000, 0x0000000088300000|100%| E|CS|TAMS 0x0000000088200000, 0x0000000088200000| Complete 
| 131|0x0000000088300000, 0x0000000088400000, 0x0000000088400000|100%| E|CS|TAMS 0x0000000088300000, 0x0000000088300000| Complete 
| 132|0x0000000088400000, 0x0000000088500000, 0x0000000088500000|100%| E|CS|TAMS 0x0000000088400000, 0x0000000088400000| Complete 
| 133|0x0000000088500000, 0x0000000088600000, 0x0000000088600000|100%| E|CS|TAMS 0x0000000088500000, 0x0000000088500000| Complete 

Card table byte_map: [0x000002d62f830000,0x000002d62fc30000] _byte_map_base: 0x000002d62f430000

Marking Bits (Prev, Next): (CMBitMap*) 0x000002d61ca59750, (CMBitMap*) 0x000002d61ca59790
 Prev Bits: [0x000002d630030000, 0x000002d632030000)
 Next Bits: [0x000002d632030000, 0x000002d634030000)

Polling page: 0x000002d61a9c0000

Metaspace:

Usage:
  Non-class:     48.82 MB used.
      Class:      7.64 MB used.
       Both:     56.46 MB used.

Virtual space:
  Non-class space:       64.00 MB reserved,      49.06 MB ( 77%) committed,  1 nodes.
      Class space:        1.00 GB reserved,       7.88 MB ( <1%) committed,  1 nodes.
             Both:        1.06 GB reserved,      56.94 MB (  5%) committed. 

Chunk freelists:
   Non-Class:  14.19 MB
       Class:  8.14 MB
        Both:  22.33 MB

MaxMetaspaceSize: unlimited
CompressedClassSpaceSize: 1.00 GB
Initial GC threshold: 21.00 MB
Current GC threshold: 58.69 MB
CDS: off
MetaspaceReclaimPolicy: balanced
 - commit_granule_bytes: 65536.
 - commit_granule_words: 8192.
 - virtual_space_node_default_size: 8388608.
 - enlarge_chunks_in_place: 1.
 - new_chunks_are_fully_committed: 0.
 - uncommit_free_chunks: 1.
 - use_allocation_guard: 0.
 - handle_deallocations: 1.


Internal statistics:

num_allocs_failed_limit: 6.
num_arena_births: 568.
num_arena_deaths: 0.
num_vsnodes_births: 2.
num_vsnodes_deaths: 0.
num_space_committed: 911.
num_space_uncommitted: 0.
num_chunks_returned_to_freelist: 6.
num_chunks_taken_from_freelist: 2512.
num_chunk_merges: 6.
num_chunk_splits: 1634.
num_chunks_enlarged: 1098.
num_inconsistent_stats: 0.

CodeHeap 'non-profiled nmethods': size=120000Kb used=2563Kb max_used=3429Kb free=117437Kb
 bounds [0x000002d6279a0000, 0x000002d627d00000, 0x000002d62eed0000]
CodeHeap 'profiled nmethods': size=120000Kb used=10570Kb max_used=12517Kb free=109429Kb
 bounds [0x000002d61fed0000, 0x000002d620b10000, 0x000002d627400000]
CodeHeap 'non-nmethods': size=5760Kb used=2321Kb max_used=2406Kb free=3438Kb
 bounds [0x000002d627400000, 0x000002d627670000, 0x000002d6279a0000]
 total_blobs=6487 nmethods=5650 adapters=748
 compilation: enabled
              stopped_count=0, restarted_count=0
 full_count=0

Compilation events (20 events):
Event: 13.224 Thread 0x000002d63b03bf50 nmethod 6490 0x000002d627a04190 code [0x000002d627a04320, 0x000002d627a04528]
Event: 13.224 Thread 0x000002d63b03bf50 6486       4       org.codehaus.groovy.reflection.ParameterTypes::getParameterTypes (16 bytes)
Event: 13.291 Thread 0x000002d63b0405f0 6512       3       java.util.TreeMap::compare (32 bytes)
Event: 13.291 Thread 0x000002d63b0405f0 nmethod 6512 0x000002d61fef1410 code [0x000002d61fef15e0, 0x000002d61fef19d8]
Event: 13.299 Thread 0x000002d63b0405f0 6513       3       jdk.internal.loader.URLClassPath$3::run (172 bytes)
Event: 13.301 Thread 0x000002d63b0405f0 nmethod 6513 0x000002d62019fb90 code [0x000002d62019fec0, 0x000002d6201a1068]
Event: 13.301 Thread 0x000002d63b0405f0 6515   !   3       jdk.internal.loader.URLClassPath$JarLoader$1::run (175 bytes)
Event: 13.302 Thread 0x000002d63b0405f0 nmethod 6515 0x000002d61fed0010 code [0x000002d61fed0240, 0x000002d61fed0998]
Event: 13.302 Thread 0x000002d63b0405f0 6514       3       jdk.internal.loader.URLClassPath$Loader::<init> (10 bytes)
Event: 13.302 Thread 0x000002d63b0405f0 nmethod 6514 0x000002d61ff07d90 code [0x000002d61ff07f20, 0x000002d61ff080d8]
Event: 13.302 Thread 0x000002d63b0405f0 6516       3       jdk.internal.loader.URLClassPath$JarLoader::getJarFile (102 bytes)
Event: 13.303 Thread 0x000002d63b0405f0 nmethod 6516 0x000002d61fef2810 code [0x000002d61fef2ae0, 0x000002d61fef37a8]
Event: 13.303 Thread 0x000002d63b0405f0 6517       3       jdk.internal.loader.URLClassPath$JarLoader::isOptimizable (10 bytes)
Event: 13.303 Thread 0x000002d63b0405f0 nmethod 6517 0x000002d61ffbfd90 code [0x000002d61ffbff40, 0x000002d61ffc00a8]
Event: 13.303 Thread 0x000002d63b0405f0 6518       3       jdk.internal.loader.FileURLMapper::<init> (10 bytes)
Event: 13.304 Thread 0x000002d63b0405f0 nmethod 6518 0x000002d61ffe7610 code [0x000002d61ffe77a0, 0x000002d61ffe7958]
Event: 13.318 Thread 0x000002d63b03bf50 nmethod 6486 0x000002d6279cb090 code [0x000002d6279cb3c0, 0x000002d6279ce0b8]
Event: 13.319 Thread 0x000002d63b03bf50 6318       4       java.util.Spliterator::getExactSizeIfKnown (25 bytes)
Event: 13.319 Thread 0x000002d63b03bf50 nmethod 6318 0x000002d6279a0a10 code [0x000002d6279a0ba0, 0x000002d6279a0c58]
Event: 13.319 Thread 0x000002d63b03bf50 6485       4       org.codehaus.groovy.util.LazyReference::get (44 bytes)

GC Heap History (20 events):
Event: 5.514 GC heap before
{Heap before GC invocations=4 (full 0):
 garbage-first heap   total 68608K, used 51888K [0x0000000080000000, 0x0000000100000000)
  region size 1024K, 40 young (40960K), 8 survivors (8192K)
 Metaspace       used 26382K, committed 26624K, reserved 1114112K
  class space    used 3358K, committed 3456K, reserved 1048576K
}
Event: 5.520 GC heap after
{Heap after GC invocations=5 (full 0):
 garbage-first heap   total 68608K, used 20779K [0x0000000080000000, 0x0000000100000000)
  region size 1024K, 2 young (2048K), 2 survivors (2048K)
 Metaspace       used 26382K, committed 26624K, reserved 1114112K
  class space    used 3358K, committed 3456K, reserved 1048576K
}
Event: 5.559 GC heap before
{Heap before GC invocations=5 (full 0):
 garbage-first heap   total 68608K, used 21803K [0x0000000080000000, 0x0000000100000000)
  region size 1024K, 3 young (3072K), 2 survivors (2048K)
 Metaspace       used 26496K, committed 26816K, reserved 1114112K
  class space    used 3381K, committed 3520K, reserved 1048576K
}
Event: 5.562 GC heap after
{Heap after GC invocations=6 (full 0):
 garbage-first heap   total 68608K, used 21117K [0x0000000080000000, 0x0000000100000000)
  region size 1024K, 1 young (1024K), 1 survivors (1024K)
 Metaspace       used 26496K, committed 26816K, reserved 1114112K
  class space    used 3381K, committed 3520K, reserved 1048576K
}
Event: 6.365 GC heap before
{Heap before GC invocations=6 (full 0):
 garbage-first heap   total 68608K, used 47741K [0x0000000080000000, 0x0000000100000000)
  region size 1024K, 27 young (27648K), 1 survivors (1024K)
 Metaspace       used 30022K, committed 30400K, reserved 1114112K
  class space    used 3961K, committed 4160K, reserved 1048576K
}
Event: 6.368 GC heap after
{Heap after GC invocations=7 (full 0):
 garbage-first heap   total 68608K, used 22477K [0x0000000080000000, 0x0000000100000000)
  region size 1024K, 2 young (2048K), 2 survivors (2048K)
 Metaspace       used 30022K, committed 30400K, reserved 1114112K
  class space    used 3961K, committed 4160K, reserved 1048576K
}
Event: 7.075 GC heap before
{Heap before GC invocations=7 (full 0):
 garbage-first heap   total 68608K, used 49101K [0x0000000080000000, 0x0000000100000000)
  region size 1024K, 29 young (29696K), 2 survivors (2048K)
 Metaspace       used 33517K, committed 33856K, reserved 1114112K
  class space    used 4548K, committed 4736K, reserved 1048576K
}
Event: 7.078 GC heap after
{Heap after GC invocations=8 (full 0):
 garbage-first heap   total 68608K, used 23646K [0x0000000080000000, 0x0000000100000000)
  region size 1024K, 3 young (3072K), 3 survivors (3072K)
 Metaspace       used 33517K, committed 33856K, reserved 1114112K
  class space    used 4548K, committed 4736K, reserved 1048576K
}
Event: 7.598 GC heap before
{Heap before GC invocations=8 (full 0):
 garbage-first heap   total 68608K, used 36958K [0x0000000080000000, 0x0000000100000000)
  region size 1024K, 18 young (18432K), 3 survivors (3072K)
 Metaspace       used 35658K, committed 35968K, reserved 1114112K
  class space    used 4854K, committed 4992K, reserved 1048576K
}
Event: 7.603 GC heap after
{Heap after GC invocations=9 (full 0):
 garbage-first heap   total 68608K, used 24333K [0x0000000080000000, 0x0000000100000000)
  region size 1024K, 2 young (2048K), 2 survivors (2048K)
 Metaspace       used 35658K, committed 35968K, reserved 1114112K
  class space    used 4854K, committed 4992K, reserved 1048576K
}
Event: 8.468 GC heap before
{Heap before GC invocations=10 (full 0):
 garbage-first heap   total 68608K, used 51981K [0x0000000080000000, 0x0000000100000000)
  region size 1024K, 30 young (30720K), 2 survivors (2048K)
 Metaspace       used 41318K, committed 41664K, reserved 1114112K
  class space    used 5473K, committed 5632K, reserved 1048576K
}
Event: 8.475 GC heap after
{Heap after GC invocations=11 (full 0):
 garbage-first heap   total 68608K, used 28120K [0x0000000080000000, 0x0000000100000000)
  region size 1024K, 4 young (4096K), 4 survivors (4096K)
 Metaspace       used 41318K, committed 41664K, reserved 1114112K
  class space    used 5473K, committed 5632K, reserved 1048576K
}
Event: 8.482 GC heap before
{Heap before GC invocations=11 (full 0):
 garbage-first heap   total 68608K, used 29144K [0x0000000080000000, 0x0000000100000000)
  region size 1024K, 5 young (5120K), 4 survivors (4096K)
 Metaspace       used 41320K, committed 41664K, reserved 1114112K
  class space    used 5473K, committed 5632K, reserved 1048576K
}
Event: 8.486 GC heap after
{Heap after GC invocations=12 (full 0):
 garbage-first heap   total 68608K, used 28376K [0x0000000080000000, 0x0000000100000000)
  region size 1024K, 1 young (1024K), 1 survivors (1024K)
 Metaspace       used 41320K, committed 41664K, reserved 1114112K
  class space    used 5473K, committed 5632K, reserved 1048576K
}
Event: 8.938 GC heap before
{Heap before GC invocations=12 (full 0):
 garbage-first heap   total 68608K, used 51928K [0x0000000080000000, 0x0000000100000000)
  region size 1024K, 24 young (24576K), 1 survivors (1024K)
 Metaspace       used 43240K, committed 43648K, reserved 1114112K
  class space    used 5792K, committed 5952K, reserved 1048576K
}
Event: 8.942 GC heap after
{Heap after GC invocations=13 (full 0):
 garbage-first heap   total 137216K, used 30616K [0x0000000080000000, 0x0000000100000000)
  region size 1024K, 3 young (3072K), 3 survivors (3072K)
 Metaspace       used 43240K, committed 43648K, reserved 1114112K
  class space    used 5792K, committed 5952K, reserved 1048576K
}
Event: 11.063 GC heap before
{Heap before GC invocations=13 (full 0):
 garbage-first heap   total 137216K, used 107416K [0x0000000080000000, 0x0000000100000000)
  region size 1024K, 73 young (74752K), 3 survivors (3072K)
 Metaspace       used 51194K, committed 51584K, reserved 1114112K
  class space    used 6934K, committed 7104K, reserved 1048576K
}
Event: 11.070 GC heap after
{Heap after GC invocations=14 (full 0):
 garbage-first heap   total 137216K, used 36065K [0x0000000080000000, 0x0000000100000000)
  region size 1024K, 8 young (8192K), 8 survivors (8192K)
 Metaspace       used 51194K, committed 51584K, reserved 1114112K
  class space    used 6934K, committed 7104K, reserved 1048576K
}
Event: 12.914 GC heap before
{Heap before GC invocations=14 (full 0):
 garbage-first heap   total 137216K, used 102625K [0x0000000080000000, 0x0000000100000000)
  region size 1024K, 72 young (73728K), 8 survivors (8192K)
 Metaspace       used 57327K, committed 57792K, reserved 1114112K
  class space    used 7781K, committed 8000K, reserved 1048576K
}
Event: 12.923 GC heap after
{Heap after GC invocations=15 (full 0):
 garbage-first heap   total 137216K, used 41356K [0x0000000080000000, 0x0000000100000000)
  region size 1024K, 6 young (6144K), 6 survivors (6144K)
 Metaspace       used 57327K, committed 57792K, reserved 1114112K
  class space    used 7781K, committed 8000K, reserved 1048576K
}

Dll operation events (3 events):
Event: 0.018 Loaded shared library C:\Program Files\Android\Android Studio\jbr\bin\java.dll
Event: 0.243 Loaded shared library C:\Program Files\Android\Android Studio\jbr\bin\zip.dll
Event: 0.817 Loaded shared library C:\Program Files\Android\Android Studio\jbr\bin\verify.dll

Deoptimization events (20 events):
Event: 13.139 Thread 0x000002d63c217da0 Uncommon trap: trap_request=0xffffff76 fr.pc=0x000002d627a3dbc4 relative=0x0000000000000dc4
Event: 13.139 Thread 0x000002d63c217da0 Uncommon trap: reason=predicate action=maybe_recompile pc=0x000002d627a3dbc4 method=java.util.AbstractCollection.addAll(Ljava/util/Collection;)Z @ 15 c2
Event: 13.139 Thread 0x000002d63c217da0 DEOPT PACKING pc=0x000002d627a3dbc4 sp=0x000000e3aacfb800
Event: 13.139 Thread 0x000002d63c217da0 DEOPT UNPACKING pc=0x000002d6274569a3 sp=0x000000e3aacfb7b8 mode 2
Event: 13.168 Thread 0x000002d63c217da0 Uncommon trap: trap_request=0xffffff45 fr.pc=0x000002d627c58b54 relative=0x00000000000053f4
Event: 13.168 Thread 0x000002d63c217da0 Uncommon trap: reason=unstable_if action=reinterpret pc=0x000002d627c58b54 method=java.net.URLClassLoader.defineClass(Ljava/lang/String;Ljdk/internal/loader/Resource;)Ljava/lang/Class; @ 21 c2
Event: 13.168 Thread 0x000002d63c217da0 DEOPT PACKING pc=0x000002d627c58b54 sp=0x000000e3aacf9c90
Event: 13.168 Thread 0x000002d63c217da0 DEOPT UNPACKING pc=0x000002d6274569a3 sp=0x000000e3aacf9bc8 mode 2
Event: 13.177 Thread 0x000002d63c217da0 Uncommon trap: trap_request=0xffffff45 fr.pc=0x000002d627c4cec4 relative=0x00000000000053e4
Event: 13.177 Thread 0x000002d63c217da0 Uncommon trap: reason=unstable_if action=reinterpret pc=0x000002d627c4cec4 method=java.net.URLClassLoader.defineClass(Ljava/lang/String;Ljdk/internal/loader/Resource;)Ljava/lang/Class; @ 21 c2
Event: 13.177 Thread 0x000002d63c217da0 DEOPT PACKING pc=0x000002d627c4cec4 sp=0x000000e3aacf9420
Event: 13.177 Thread 0x000002d63c217da0 DEOPT UNPACKING pc=0x000002d6274569a3 sp=0x000000e3aacf93c0 mode 2
Event: 13.184 Thread 0x000002d63c217da0 Uncommon trap: trap_request=0xffffffc6 fr.pc=0x000002d627b05f80 relative=0x0000000000000240
Event: 13.184 Thread 0x000002d63c217da0 Uncommon trap: reason=bimorphic_or_optimized_type_check action=maybe_recompile pc=0x000002d627b05f80 method=com.google.common.base.CharMatcher.indexIn(Ljava/lang/CharSequence;I)I @ 31 c2
Event: 13.184 Thread 0x000002d63c217da0 DEOPT PACKING pc=0x000002d627b05f80 sp=0x000000e3aacf79d0
Event: 13.184 Thread 0x000002d63c217da0 DEOPT UNPACKING pc=0x000002d6274569a3 sp=0x000000e3aacf7978 mode 2
Event: 13.214 Thread 0x000002d63c217da0 Uncommon trap: trap_request=0xffffff45 fr.pc=0x000002d627bd83a4 relative=0x00000000000000a4
Event: 13.214 Thread 0x000002d63c217da0 Uncommon trap: reason=unstable_if action=reinterpret pc=0x000002d627bd83a4 method=org.gradle.internal.agents.DefaultClassFileTransformer.transform(Ljava/lang/ClassLoader;Ljava/lang/String;Ljava/lang/Class;Ljava/security/ProtectionDomain;[B)[B @ 4 c2
Event: 13.215 Thread 0x000002d63c217da0 DEOPT PACKING pc=0x000002d627bd83a4 sp=0x000000e3aacf79e0
Event: 13.215 Thread 0x000002d63c217da0 DEOPT UNPACKING pc=0x000002d6274569a3 sp=0x000000e3aacf7950 mode 2

Classes unloaded (0 events):
No events

Classes redefined (0 events):
No events

Internal exceptions (20 events):
Event: 11.904 Thread 0x000002d63c217da0 Exception <a 'java/lang/NoSuchMethodError'{0x000000008656ac20}: 'int java.lang.invoke.DirectMethodHandle$Holder.invokeSpecialIFC(java.lang.Object, java.lang.Object, java.lang.Object)'> (0x000000008656ac20) 
thrown [s\src\hotspot\share\interpreter\linkResolver.cpp, line 771]
Event: 11.986 Thread 0x000002d63c217da0 Exception <a 'java/lang/NoSuchMethodError'{0x00000000861172a8}: 'java.lang.Object java.lang.invoke.DirectMethodHandle$Holder.newInvokeSpecial(java.lang.Object, java.lang.Object, java.lang.Object, java.lang.Object, java.lang.Object, int)'> (0x00000000861172a8) 
thrown [s\src\hotspot\share\interpreter\linkResolver.cpp, line 771]
Event: 11.987 Thread 0x000002d63c217da0 Exception <a 'java/lang/NoSuchMethodError'{0x000000008611c700}: 'java.lang.Object java.lang.invoke.DirectMethodHandle$Holder.invokeSpecial(java.lang.Object, java.lang.Object, java.lang.Object, java.lang.Object, java.lang.Object, java.lang.Object, int)'> (0x000000008611c700) 
thrown [s\src\hotspot\share\interpreter\linkResolver.cpp, line 771]
Event: 11.987 Thread 0x000002d63c217da0 Exception <a 'java/lang/NoSuchMethodError'{0x00000000861214e0}: 'java.lang.Object java.lang.invoke.Invokers$Holder.linkToTargetMethod(java.lang.Object, java.lang.Object, java.lang.Object, java.lang.Object, int, java.lang.Object)'> (0x00000000861214e0) 
thrown [s\src\hotspot\share\interpreter\linkResolver.cpp, line 771]
Event: 11.994 Thread 0x000002d63c217da0 Exception <a 'java/lang/NoSuchMethodError'{0x0000000086152f28}: 'java.lang.Object java.lang.invoke.DirectMethodHandle$Holder.invokeSpecial(java.lang.Object, java.lang.Object, java.lang.Object, java.lang.Object, java.lang.Object, long)'> (0x0000000086152f28) 
thrown [s\src\hotspot\share\interpreter\linkResolver.cpp, line 771]
Event: 11.997 Thread 0x000002d63c217da0 Exception <a 'java/lang/NoSuchMethodError'{0x0000000086175de0}: 'void java.lang.invoke.DirectMethodHandle$Holder.invokeStatic(java.lang.Object, java.lang.Object, java.lang.Object, int, java.lang.Object)'> (0x0000000086175de0) 
thrown [s\src\hotspot\share\interpreter\linkResolver.cpp, line 771]
Event: 12.067 Thread 0x000002d63c217da0 Exception <a 'java/lang/NoSuchMethodError'{0x0000000085fe97c0}: 'int java.lang.invoke.DirectMethodHandle$Holder.invokeInterface(java.lang.Object, java.lang.Object, java.lang.Object, java.lang.Object)'> (0x0000000085fe97c0) 
thrown [s\src\hotspot\share\interpreter\linkResolver.cpp, line 771]
Event: 12.841 Thread 0x000002d63c217da0 Exception <a 'java/lang/NoSuchMethodError'{0x0000000084c64b80}: 'java.lang.Object java.lang.invoke.DirectMethodHandle$Holder.newInvokeSpecial(java.lang.Object, java.lang.Object, java.lang.Object, java.lang.Object, int, java.lang.Object)'> (0x0000000084c64b80) 
thrown [s\src\hotspot\share\interpreter\linkResolver.cpp, line 771]
Event: 12.841 Thread 0x000002d63c217da0 Exception <a 'java/lang/NoSuchMethodError'{0x0000000084c69c30}: 'java.lang.Object java.lang.invoke.Invokers$Holder.linkToTargetMethod(java.lang.Object, java.lang.Object, java.lang.Object, int, java.lang.Object, java.lang.Object)'> (0x0000000084c69c30) 
thrown [s\src\hotspot\share\interpreter\linkResolver.cpp, line 771]
Event: 13.134 Thread 0x000002d63c217da0 Exception <a 'java/lang/NoSuchMethodError'{0x00000000875f7c08}: 'long java.lang.invoke.DirectMethodHandle$Holder.invokeVirtual(java.lang.Object, java.lang.Object)'> (0x00000000875f7c08) 
thrown [s\src\hotspot\share\interpreter\linkResolver.cpp, line 771]
Event: 13.140 Thread 0x000002d63c0c3060 Exception <a 'java/lang/NoSuchMethodError'{0x00000000874aff18}: static Lorg/gradle/internal/build/event/types/DefaultOperationFinishedProgressEvent;.<clinit>()V> (0x00000000874aff18) 
thrown [s\src\hotspot\share\prims\jni.cpp, line 1127]
Event: 13.143 Thread 0x000002d63c0c3060 Exception <a 'java/lang/NoSuchMethodError'{0x00000000874d62c8}: static Lorg/gradle/internal/build/event/types/DefaultProjectConfigurationSuccessResult;.<clinit>()V> (0x00000000874d62c8) 
thrown [s\src\hotspot\share\prims\jni.cpp, line 1127]
Event: 13.144 Thread 0x000002d63c0c3060 Exception <a 'java/lang/NoSuchMethodError'{0x00000000874da5d8}: static Lorg/gradle/internal/build/event/types/AbstractProjectConfigurationResult;.<clinit>()V> (0x00000000874da5d8) 
thrown [s\src\hotspot\share\prims\jni.cpp, line 1127]
Event: 13.144 Thread 0x000002d63c0c3060 Exception <a 'java/lang/NoSuchMethodError'{0x00000000874dbb28}: static Lorg/gradle/internal/build/event/types/AbstractOperationResult;.<clinit>()V> (0x00000000874dbb28) 
thrown [s\src\hotspot\share\prims\jni.cpp, line 1127]
Event: 13.144 Thread 0x000002d63c0c3060 Exception <a 'java/lang/NoSuchMethodError'{0x00000000874dcae8}: static Lorg/gradle/internal/build/event/types/AbstractResult;.<clinit>()V> (0x00000000874dcae8) 
thrown [s\src\hotspot\share\prims\jni.cpp, line 1127]
Event: 13.147 Thread 0x000002d63c0c3060 Exception <a 'java/lang/NoSuchMethodError'{0x00000000874f2cf8}: static Lorg/gradle/internal/build/event/types/DefaultPluginApplicationResult;.<clinit>()V> (0x00000000874f2cf8) 
thrown [s\src\hotspot\share\prims\jni.cpp, line 1127]
Event: 13.149 Thread 0x000002d63c0c3060 Exception <a 'java/lang/NoSuchMethodError'{0x00000000874fe4c8}: static Lorg/gradle/internal/build/event/types/DefaultBinaryPluginIdentifier;.<clinit>()V> (0x00000000874fe4c8) 
thrown [s\src\hotspot\share\prims\jni.cpp, line 1127]
Event: 13.152 Thread 0x000002d63c0c3060 Exception <a 'java/lang/NoSuchMethodError'{0x0000000087315bf0}: static Lorg/gradle/internal/build/event/types/DefaultScriptPluginIdentifier;.<clinit>()V> (0x0000000087315bf0) 
thrown [s\src\hotspot\share\prims\jni.cpp, line 1127]
Event: 13.174 Thread 0x000002d63c217da0 Exception <a 'java/lang/ClassNotFoundException'{0x000000008739c3b0}: build_5upwur0uhs9b1hjj1k3nt5rwkBeanInfo> (0x000000008739c3b0) 
thrown [s\src\hotspot\share\classfile\systemDictionary.cpp, line 256]
Event: 13.174 Thread 0x000002d63c217da0 Exception <a 'java/lang/ClassNotFoundException'{0x00000000873a2df0}: build_5upwur0uhs9b1hjj1k3nt5rwkCustomizer> (0x00000000873a2df0) 
thrown [s\src\hotspot\share\classfile\systemDictionary.cpp, line 256]

VM Operations (20 events):
Event: 12.211 Executing VM operation: ICBufferFull
Event: 12.212 Executing VM operation: ICBufferFull done
Event: 12.589 Executing VM operation: ICBufferFull
Event: 12.589 Executing VM operation: ICBufferFull done
Event: 12.657 Executing VM operation: HandshakeAllThreads
Event: 12.657 Executing VM operation: HandshakeAllThreads done
Event: 12.850 Executing VM operation: ICBufferFull
Event: 12.850 Executing VM operation: ICBufferFull done
Event: 12.914 Executing VM operation: G1CollectForAllocation
Event: 12.923 Executing VM operation: G1CollectForAllocation done
Event: 13.139 Executing VM operation: HandshakeAllThreads
Event: 13.139 Executing VM operation: HandshakeAllThreads done
Event: 13.146 Executing VM operation: ICBufferFull
Event: 13.146 Executing VM operation: ICBufferFull done
Event: 13.168 Executing VM operation: HandshakeAllThreads
Event: 13.168 Executing VM operation: HandshakeAllThreads done
Event: 13.215 Executing VM operation: HandshakeAllThreads
Event: 13.215 Executing VM operation: HandshakeAllThreads done
Event: 13.228 Executing VM operation: ICBufferFull
Event: 13.228 Executing VM operation: ICBufferFull done

Events (20 events):
Event: 13.226 Thread 0x000002d63b041ba0 flushing nmethod 0x000002d6208b2590
Event: 13.226 Thread 0x000002d63b041ba0 flushing nmethod 0x000002d6208b2990
Event: 13.226 Thread 0x000002d63b041ba0 flushing nmethod 0x000002d6208b3590
Event: 13.226 Thread 0x000002d63b041ba0 flushing nmethod 0x000002d6208b8090
Event: 13.226 Thread 0x000002d63b041ba0 flushing nmethod 0x000002d6208bae10
Event: 13.226 Thread 0x000002d63b041ba0 flushing nmethod 0x000002d6208bbe10
Event: 13.226 Thread 0x000002d63b041ba0 flushing nmethod 0x000002d6208cb210
Event: 13.226 Thread 0x000002d63b041ba0 flushing nmethod 0x000002d6208db510
Event: 13.226 Thread 0x000002d63b041ba0 flushing nmethod 0x000002d6208e8790
Event: 13.226 Thread 0x000002d63b041ba0 flushing nmethod 0x000002d6208ef510
Event: 13.226 Thread 0x000002d63b041ba0 flushing nmethod 0x000002d6208ef910
Event: 13.227 Thread 0x000002d63b041ba0 flushing nmethod 0x000002d620916890
Event: 13.227 Thread 0x000002d63b041ba0 flushing nmethod 0x000002d62092e390
Event: 13.227 Thread 0x000002d63b041ba0 flushing nmethod 0x000002d6209c8c90
Event: 13.227 Thread 0x000002d63b041ba0 flushing nmethod 0x000002d6209cb310
Event: 13.227 Thread 0x000002d63b041ba0 flushing nmethod 0x000002d6209cd810
Event: 13.228 Thread 0x000002d63b041ba0 flushing nmethod 0x000002d620a18210
Event: 13.228 Thread 0x000002d63b041ba0 flushing nmethod 0x000002d620a25690
Event: 13.228 Thread 0x000002d63b041ba0 flushing nmethod 0x000002d620a41710
Event: 13.228 Thread 0x000002d63b041ba0 flushing nmethod 0x000002d620a42910


Dynamic libraries:
0x00007ff7343f0000 - 0x00007ff7343fa000 	C:\Program Files\Android\Android Studio\jbr\bin\java.exe
0x00007ffa82950000 - 0x00007ffa82b67000 	C:\Windows\SYSTEM32\ntdll.dll
0x00007ffa81430000 - 0x00007ffa814f4000 	C:\Windows\System32\KERNEL32.DLL
0x00007ffa7fec0000 - 0x00007ffa8026d000 	C:\Windows\System32\KERNELBASE.dll
0x00007ffa80350000 - 0x00007ffa80461000 	C:\Windows\System32\ucrtbase.dll
0x00007ffa62c10000 - 0x00007ffa62c2b000 	C:\Program Files\Android\Android Studio\jbr\bin\VCRUNTIME140.dll
0x00007ffa639b0000 - 0x00007ffa639c7000 	C:\Program Files\Android\Android Studio\jbr\bin\jli.dll
0x00007ffa81e70000 - 0x00007ffa8201e000 	C:\Windows\System32\USER32.dll
0x00007ffa80270000 - 0x00007ffa80296000 	C:\Windows\System32\win32u.dll
0x00007ffa82470000 - 0x00007ffa82499000 	C:\Windows\System32\GDI32.dll
0x00007ffa699d0000 - 0x00007ffa69c63000 	C:\Windows\WinSxS\amd64_microsoft.windows.common-controls_6595b64144ccf1df_6.0.22621.3672_none_2713b9d173822955\COMCTL32.dll
0x00007ffa7fc70000 - 0x00007ffa7fd89000 	C:\Windows\System32\gdi32full.dll
0x00007ffa825a0000 - 0x00007ffa82647000 	C:\Windows\System32\msvcrt.dll
0x00007ffa805e0000 - 0x00007ffa8067a000 	C:\Windows\System32\msvcp_win.dll
0x00007ffa826d0000 - 0x00007ffa82701000 	C:\Windows\System32\IMM32.DLL
0x00007ffa6f9a0000 - 0x00007ffa6f9ac000 	C:\Program Files\Android\Android Studio\jbr\bin\vcruntime140_1.dll
0x00007ffa54c60000 - 0x00007ffa54ced000 	C:\Program Files\Android\Android Studio\jbr\bin\msvcp140.dll
0x00007ff9ef900000 - 0x00007ff9f0583000 	C:\Program Files\Android\Android Studio\jbr\bin\server\jvm.dll
0x00007ffa807e0000 - 0x00007ffa80892000 	C:\Windows\System32\ADVAPI32.dll
0x00007ffa82020000 - 0x00007ffa820c9000 	C:\Windows\System32\sechost.dll
0x00007ffa80320000 - 0x00007ffa80348000 	C:\Windows\System32\bcrypt.dll
0x00007ffa81500000 - 0x00007ffa81614000 	C:\Windows\System32\RPCRT4.dll
0x00007ffa7eae0000 - 0x00007ffa7eb2d000 	C:\Windows\SYSTEM32\POWRPROF.dll
0x00007ffa7b4d0000 - 0x00007ffa7b4d9000 	C:\Windows\SYSTEM32\WSOCK32.dll
0x00007ffa7b470000 - 0x00007ffa7b4a4000 	C:\Windows\SYSTEM32\WINMM.dll
0x00007ffa79470000 - 0x00007ffa7947a000 	C:\Windows\SYSTEM32\VERSION.dll
0x00007ffa81320000 - 0x00007ffa81391000 	C:\Windows\System32\WS2_32.dll
0x00007ffa7eac0000 - 0x00007ffa7ead3000 	C:\Windows\SYSTEM32\UMPDC.dll
0x00007ffa7ed70000 - 0x00007ffa7ed88000 	C:\Windows\SYSTEM32\kernel.appcore.dll
0x00007ffa74c20000 - 0x00007ffa74c2a000 	C:\Program Files\Android\Android Studio\jbr\bin\jimage.dll
0x00007ffa784f0000 - 0x00007ffa78722000 	C:\Windows\SYSTEM32\DBGHELP.DLL
0x00007ffa820e0000 - 0x00007ffa8246e000 	C:\Windows\System32\combase.dll
0x00007ffa809a0000 - 0x00007ffa80a77000 	C:\Windows\System32\OLEAUT32.dll
0x00007ffa6e3f0000 - 0x00007ffa6e422000 	C:\Windows\SYSTEM32\dbgcore.DLL
0x00007ffa802a0000 - 0x00007ffa8031b000 	C:\Windows\System32\bcryptPrimitives.dll
0x00007ffa719d0000 - 0x00007ffa719de000 	C:\Program Files\Android\Android Studio\jbr\bin\instrument.dll
0x00007ffa6fa70000 - 0x00007ffa6fa95000 	C:\Program Files\Android\Android Studio\jbr\bin\java.dll
0x00007ffa74b10000 - 0x00007ffa74b28000 	C:\Program Files\Android\Android Studio\jbr\bin\zip.dll
0x00007ffa80aa0000 - 0x00007ffa81307000 	C:\Windows\System32\SHELL32.dll
0x00007ffa7dbb0000 - 0x00007ffa7e4af000 	C:\Windows\SYSTEM32\windows.storage.dll
0x00007ffa7da70000 - 0x00007ffa7dbaf000 	C:\Windows\SYSTEM32\wintypes.dll
0x00007ffa808a0000 - 0x00007ffa80999000 	C:\Windows\System32\SHCORE.dll
0x00007ffa82660000 - 0x00007ffa826be000 	C:\Windows\System32\shlwapi.dll
0x00007ffa7fba0000 - 0x00007ffa7fbc7000 	C:\Windows\SYSTEM32\profapi.dll
0x00007ffa74a10000 - 0x00007ffa74a29000 	C:\Program Files\Android\Android Studio\jbr\bin\net.dll
0x00007ffa7bcf0000 - 0x00007ffa7be26000 	C:\Windows\SYSTEM32\WINHTTP.dll
0x00007ffa7f1e0000 - 0x00007ffa7f249000 	C:\Windows\system32\mswsock.dll
0x00007ffa70f60000 - 0x00007ffa70f76000 	C:\Program Files\Android\Android Studio\jbr\bin\nio.dll
0x00007ffa71a10000 - 0x00007ffa71a20000 	C:\Program Files\Android\Android Studio\jbr\bin\verify.dll
0x00007ffa71080000 - 0x00007ffa710a7000 	C:\Users\Gerardo\.gradle\native\c067742578af261105cb4f569cf0c3c89f3d7b1fecec35dd04571415982c5e48\windows-amd64\native-platform.dll
0x00007ffa39860000 - 0x00007ffa399a4000 	C:\Users\Gerardo\.gradle\native\38dada09dfb8b06ba9b0570ebf7e218e3eb74d4ef43ca46872605cf95ebc2f47\windows-amd64\native-platform-file-events.dll
0x00007ffa74ab0000 - 0x00007ffa74ab9000 	C:\Program Files\Android\Android Studio\jbr\bin\management.dll
0x00007ffa74a50000 - 0x00007ffa74a5b000 	C:\Program Files\Android\Android Studio\jbr\bin\management_ext.dll
0x00007ffa81310000 - 0x00007ffa81318000 	C:\Windows\System32\PSAPI.DLL
0x00007ffa7f410000 - 0x00007ffa7f42b000 	C:\Windows\SYSTEM32\CRYPTSP.dll
0x00007ffa7ecd0000 - 0x00007ffa7ed05000 	C:\Windows\system32\rsaenh.dll
0x00007ffa7f2a0000 - 0x00007ffa7f2c8000 	C:\Windows\SYSTEM32\USERENV.dll
0x00007ffa7f400000 - 0x00007ffa7f40c000 	C:\Windows\SYSTEM32\CRYPTBASE.dll
0x00007ffa7e780000 - 0x00007ffa7e7ad000 	C:\Windows\SYSTEM32\IPHLPAPI.DLL
0x00007ffa820d0000 - 0x00007ffa820d9000 	C:\Windows\System32\NSI.dll
0x00007ffa7bc20000 - 0x00007ffa7bc39000 	C:\Windows\SYSTEM32\dhcpcsvc6.DLL
0x00007ffa7bbe0000 - 0x00007ffa7bbff000 	C:\Windows\SYSTEM32\dhcpcsvc.DLL
0x00007ffa7e7b0000 - 0x00007ffa7e8a8000 	C:\Windows\SYSTEM32\DNSAPI.dll
0x00007ffa74c10000 - 0x00007ffa74c19000 	C:\Program Files\Android\Android Studio\jbr\bin\extnet.dll
0x00007ffa4ab40000 - 0x00007ffa4ab48000 	C:\Windows\system32\wshunix.dll

dbghelp: loaded successfully - version: 4.0.5 - missing functions: none
symbol engine: initialized successfully - sym options: 0x614 - pdb path: .;C:\Program Files\Android\Android Studio\jbr\bin;C:\Windows\SYSTEM32;C:\Windows\WinSxS\amd64_microsoft.windows.common-controls_6595b64144ccf1df_6.0.22621.3672_none_2713b9d173822955;C:\Program Files\Android\Android Studio\jbr\bin\server;C:\Users\Gerardo\.gradle\native\c067742578af261105cb4f569cf0c3c89f3d7b1fecec35dd04571415982c5e48\windows-amd64;C:\Users\Gerardo\.gradle\native\38dada09dfb8b06ba9b0570ebf7e218e3eb74d4ef43ca46872605cf95ebc2f47\windows-amd64

VM Arguments:
jvm_args: --add-opens=java.base/java.util=ALL-UNNAMED --add-opens=java.base/java.lang=ALL-UNNAMED --add-opens=java.base/java.lang.invoke=ALL-UNNAMED --add-opens=java.prefs/java.util.prefs=ALL-UNNAMED --add-opens=java.base/java.nio.charset=ALL-UNNAMED --add-opens=java.base/java.net=ALL-UNNAMED --add-opens=java.base/java.util.concurrent.atomic=ALL-UNNAMED -Xmx2048m -Dfile.encoding=UTF-8 -Duser.country=PE -Duser.language=es -Duser.variant -javaagent:C:\Users\Gerardo\.gradle\wrapper\dists\gradle-8.7-bin\bhs2wmbdwecv87pi65oeuq5iu\gradle-8.7\lib\agents\gradle-instrumentation-agent-8.7.jar 
java_command: org.gradle.launcher.daemon.bootstrap.GradleDaemon 8.7
java_class_path (initial): C:\Users\Gerardo\.gradle\wrapper\dists\gradle-8.7-bin\bhs2wmbdwecv87pi65oeuq5iu\gradle-8.7\lib\gradle-launcher-8.7.jar
Launcher Type: SUN_STANDARD

[Global flags]
     intx CICompilerCount                          = 4                                         {product} {ergonomic}
     uint ConcGCThreads                            = 3                                         {product} {ergonomic}
     uint G1ConcRefinementThreads                  = 10                                        {product} {ergonomic}
   size_t G1HeapRegionSize                         = 1048576                                   {product} {ergonomic}
    uintx GCDrainStackTargetSize                   = 64                                        {product} {ergonomic}
   size_t InitialHeapSize                          = 123731968                                 {product} {ergonomic}
   size_t MarkStackSize                            = 4194304                                   {product} {ergonomic}
   size_t MaxHeapSize                              = 2147483648                                {product} {command line}
   size_t MaxNewSize                               = 1287651328                                {product} {ergonomic}
   size_t MinHeapDeltaBytes                        = 1048576                                   {product} {ergonomic}
   size_t MinHeapSize                              = 8388608                                   {product} {ergonomic}
    uintx NonNMethodCodeHeapSize                   = 5839372                                {pd product} {ergonomic}
    uintx NonProfiledCodeHeapSize                  = 122909434                              {pd product} {ergonomic}
    uintx ProfiledCodeHeapSize                     = 122909434                              {pd product} {ergonomic}
    uintx ReservedCodeCacheSize                    = 251658240                              {pd product} {ergonomic}
     bool SegmentedCodeCache                       = true                                      {product} {ergonomic}
   size_t SoftMaxHeapSize                          = 2147483648                             {manageable} {ergonomic}
     bool UseCompressedClassPointers               = true                           {product lp64_product} {ergonomic}
     bool UseCompressedOops                        = true                           {product lp64_product} {ergonomic}
     bool UseG1GC                                  = true                                      {product} {ergonomic}
     bool UseLargePagesIndividualAllocation        = false                                  {pd product} {ergonomic}

Logging:
Log output configuration:
 #0: stdout all=warning uptime,level,tags
 #1: stderr all=off uptime,level,tags

Environment Variables:
PATH=C:\Program Files (x86)\Common Files\Oracle\Java\java8path;C:\Program Files (x86)\Common Files\Oracle\Java\javapath;C:\Windows\system32;C:\Windows;C:\Windows\System32\Wbem;C:\Windows\System32\WindowsPowerShell\v1.0\;C:\Windows\System32\OpenSSH\;C:\Program Files (x86)\NVIDIA Corporation\PhysX\Common;C:\Program Files\NVIDIA Corporation\NVIDIA NvDLISR;C:\Program Files\dotnet\;C:\Program Files\GitHub CLI\;C:\Program Files\Git\cmd;C:\Users\Gerardo\AppData\Local\Programs\Python\Python312\Scripts\;C:\Users\Gerardo\AppData\Local\Programs\Python\Python312\;C:\Users\Gerardo\AppData\Local\Programs\Python\Launcher\;C:\Users\Gerardo\AppData\Local\Microsoft\WindowsApps;C:\Users\Gerardo\AppData\Local\GitHubDesktop\bin;C:\Users\Gerardo\AppData\Local\Programs\Microsoft VS Code\bin
USERNAME=Gerardo
OS=Windows_NT
PROCESSOR_IDENTIFIER=AMD64 Family 25 Model 68 Stepping 1, AuthenticAMD
TMP=C:\Users\Gerardo\AppData\Local\Temp
TEMP=C:\Users\Gerardo\AppData\Local\Temp



Periodic native trim disabled

JNI global refs:
JNI global refs: 27, weak refs: 0

JNI global refs memory usage: 843, weak refs: 841

Process memory usage:
Resident Set Size: 328388K (4% of 7678756K total physical memory with 507888K free physical memory)

OOME stack traces (most recent first):
Classloader memory used:
Loader org.gradle.internal.classloader.VisitableURLClassLoader                         : 3552K
Loader bootstrap                                                                       : 2446K
Loader org.gradle.initialization.MixInLegacyTypesClassLoader                           : 1092K
Loader jdk.internal.loader.ClassLoaders$PlatformClassLoader                            : 68782B
Loader jdk.internal.loader.ClassLoaders$AppClassLoader                                 : 28714B
Loader jdk.internal.reflect.DelegatingClassLoader                                      : 22127B
Loader org.gradle.groovy.scripts.internal.DefaultScriptCompilationHandler$ScriptClassLoader: 11329B
Loader org.gradle.internal.classloader.VisitableURLClassLoader                         : 4059B
Loader org.codehaus.groovy.runtime.callsite.CallSiteClassLoader                        : 1164B
Loader org.gradle.internal.classloader.VisitableURLClassLoader$InstrumentingVisitableURLClassLoader: 871B

Classes loaded by more than one classloader:
Class org.gradle.internal.installation.GradleInstallation                             : loaded 2 times (x 73B)
Class org.gradle.internal.classpath.ClassPath                                         : loaded 2 times (x 68B)
Class org.gradle.api.internal.classpath.DefaultModuleRegistry                         : loaded 2 times (x 84B)
Class org.gradle.api.Action                                                           : loaded 2 times (x 68B)
Class org.gradle.api.internal.DefaultClassPathProvider                                : loaded 2 times (x 74B)
Class org.gradle.internal.installation.GradleInstallation$1                           : loaded 2 times (x 73B)
Class settings_adfafpkbr9p2xx801aq01eago$_run_closure1                                : loaded 2 times (x 137B)
Class org.gradle.internal.classloader.FilteringClassLoader                            : loaded 2 times (x 103B)
Class org.gradle.internal.classpath.DefaultClassPath$ImmutableUniqueList$Builder      : loaded 2 times (x 73B)
Class org.gradle.internal.classloader.ClassLoaderVisitor                              : loaded 2 times (x 74B)
Class settings_adfafpkbr9p2xx801aq01eago$_run_closure1$_closure2                      : loaded 2 times (x 137B)
Class org.gradle.internal.service.DefaultServiceLocator                               : loaded 2 times (x 81B)
Class org.gradle.internal.service.UnknownServiceException                             : loaded 2 times (x 81B)
Class org.gradle.internal.classloader.DefaultClassLoaderFactory                       : loaded 2 times (x 80B)
Class org.gradle.internal.classloader.VisitableURLClassLoader$Spec                    : loaded 2 times (x 72B)
Class org.gradle.api.GradleException                                                  : loaded 2 times (x 80B)
Class org.gradle.api.internal.classpath.ModuleRegistry                                : loaded 2 times (x 68B)
Class settings_adfafpkbr9p2xx801aq01eago                                              : loaded 2 times (x 177B)
Class org.gradle.api.internal.ClassPathProvider                                       : loaded 2 times (x 68B)
Class org.gradle.internal.classloader.ClasspathUtil$1                                 : loaded 2 times (x 74B)
Class org.gradle.internal.classloader.ClassLoaderFactory                              : loaded 2 times (x 68B)
Class org.gradle.api.internal.classpath.ManifestUtil                                  : loaded 2 times (x 69B)
Class org.gradle.api.specs.Spec                                                       : loaded 2 times (x 68B)
Class org.gradle.internal.IoActions                                                   : loaded 2 times (x 69B)
Class org.gradle.api.internal.classpath.EffectiveClassPath                            : loaded 2 times (x 88B)
Class org.gradle.internal.installation.CurrentGradleInstallation                      : loaded 2 times (x 71B)
Class org.gradle.internal.agents.InstrumentingClassLoader                             : loaded 2 times (x 68B)
Class org.gradle.internal.installation.CurrentGradleInstallationLocator               : loaded 2 times (x 69B)
Class org.gradle.api.internal.classpath.Module                                        : loaded 2 times (x 68B)
Class org.gradle.internal.service.CachingServiceLocator                               : loaded 2 times (x 80B)
Class org.gradle.internal.classpath.DefaultClassPath                                  : loaded 2 times (x 88B)
Class org.gradle.internal.classloader.SystemClassLoaderSpec                           : loaded 2 times (x 69B)
Class org.gradle.api.UncheckedIOException                                             : loaded 2 times (x 80B)
Class org.gradle.internal.classloader.ClasspathUtil                                   : loaded 2 times (x 69B)
Class org.gradle.api.internal.DefaultClassPathRegistry                                : loaded 2 times (x 74B)
Class org.gradle.api.internal.classpath.DefaultModuleRegistry$DefaultModule           : loaded 2 times (x 84B)
Class org.gradle.api.internal.classpath.UnknownModuleException                        : loaded 2 times (x 80B)
Class org.gradle.internal.service.ServiceLookupException                              : loaded 2 times (x 80B)
Class org.gradle.cache.GlobalCache                                                    : loaded 2 times (x 68B)
Class [Lorg.gradle.api.internal.ClassPathProvider;                                    : loaded 2 times (x 67B)
Class org.gradle.util.internal.GUtil                                                  : loaded 2 times (x 69B)
Class org.gradle.internal.classloader.ClassLoaderSpec                                 : loaded 2 times (x 69B)
Class org.gradle.internal.classloader.VisitableURLClassLoader                         : loaded 2 times (x 115B)
Class org.gradle.internal.Cast                                                        : loaded 2 times (x 69B)
Class org.gradle.api.internal.ClassPathRegistry                                       : loaded 2 times (x 68B)
Class org.gradle.internal.classloader.VisitableURLClassLoader$InstrumentingVisitableURLClassLoader: loaded 2 times (x 121B)
Class org.gradle.internal.classloader.ClassLoaderHierarchy                            : loaded 2 times (x 68B)
Class org.gradle.internal.InternalTransformer                                         : loaded 2 times (x 68B)
Class org.gradle.internal.service.ServiceLocator                                      : loaded 2 times (x 68B)
Class org.gradle.internal.classpath.DefaultClassPath$ImmutableUniqueList              : loaded 2 times (x 159B)
Class org.gradle.internal.classpath.TransformedClassPath                              : loaded 2 times (x 94B)


---------------  S Y S T E M  ---------------

OS:
 Windows 11 , 64 bit Build 22621 (10.0.22621.3958)
OS uptime: 13 days 11:45 hours
Hyper-V role detected

CPU: total 12 (initial active 12) (12 cores per cpu, 2 threads per core) family 25 model 68 stepping 1 microcode 0x0, cx8, cmov, fxsr, ht, mmx, 3dnowpref, sse, sse2, sse3, ssse3, sse4a, sse4.1, sse4.2, popcnt, lzcnt, tsc, tscinvbit, avx, avx2, aes, erms, clmul, bmi1, bmi2, adx, sha, fma, vzeroupper, clflush, clflushopt, hv
Processor Information for all 12 processors :
  Max Mhz: 3301, Current Mhz: 2496, Mhz Limit: 3301

Memory: 4k page, system-wide physical 7498M (480M free)
TotalPageFile size 30026M (AvailPageFile size 53M)
current process WorkingSet (physical memory assigned to process): 320M, peak: 322M
current process commit charge ("private bytes"): 360M, peak: 363M

vm_info: OpenJDK 64-Bit Server VM (17.0.11+0--11852314) for windows-amd64 JRE (17.0.11+0--11852314), built on May 16 2024 21:29:20 by "androidbuild" with MS VC++ 16.10 / 16.11 (VS2019)

END.
